Archive member included to satisfy reference by file (symbol)

C:/ST/STM32CubeCLT_1.16.0/GNU-tools-for-STM32/bin/../lib/gcc/arm-none-eabi/12.3.1/../../../../arm-none-eabi/lib/thumb/v7e-m+fp/hard\libc_nano.a(libc_a-exit.o)
                              C:/ST/STM32CubeCLT_1.16.0/GNU-tools-for-STM32/bin/../lib/gcc/arm-none-eabi/12.3.1/../../../../arm-none-eabi/lib/thumb/v7e-m+fp/hard/crt0.o (exit)
C:/ST/STM32CubeCLT_1.16.0/GNU-tools-for-STM32/bin/../lib/gcc/arm-none-eabi/12.3.1/../../../../arm-none-eabi/lib/thumb/v7e-m+fp/hard\libc_nano.a(libc_a-findfp.o)
                              C:/ST/STM32CubeCLT_1.16.0/GNU-tools-for-STM32/bin/../lib/gcc/arm-none-eabi/12.3.1/../../../../arm-none-eabi/lib/thumb/v7e-m+fp/hard\libc_nano.a(libc_a-exit.o) (__stdio_exit_handler)
C:/ST/STM32CubeCLT_1.16.0/GNU-tools-for-STM32/bin/../lib/gcc/arm-none-eabi/12.3.1/../../../../arm-none-eabi/lib/thumb/v7e-m+fp/hard\libc_nano.a(libc_a-fwalk.o)
                              C:/ST/STM32CubeCLT_1.16.0/GNU-tools-for-STM32/bin/../lib/gcc/arm-none-eabi/12.3.1/../../../../arm-none-eabi/lib/thumb/v7e-m+fp/hard\libc_nano.a(libc_a-findfp.o) (_fwalk_sglue)
C:/ST/STM32CubeCLT_1.16.0/GNU-tools-for-STM32/bin/../lib/gcc/arm-none-eabi/12.3.1/../../../../arm-none-eabi/lib/thumb/v7e-m+fp/hard\libc_nano.a(libc_a-stdio.o)
                              C:/ST/STM32CubeCLT_1.16.0/GNU-tools-for-STM32/bin/../lib/gcc/arm-none-eabi/12.3.1/../../../../arm-none-eabi/lib/thumb/v7e-m+fp/hard\libc_nano.a(libc_a-findfp.o) (__sread)
C:/ST/STM32CubeCLT_1.16.0/GNU-tools-for-STM32/bin/../lib/gcc/arm-none-eabi/12.3.1/../../../../arm-none-eabi/lib/thumb/v7e-m+fp/hard\libc_nano.a(libc_a-memset.o)
                              C:/ST/STM32CubeCLT_1.16.0/GNU-tools-for-STM32/bin/../lib/gcc/arm-none-eabi/12.3.1/../../../../arm-none-eabi/lib/thumb/v7e-m+fp/hard/crt0.o (memset)
C:/ST/STM32CubeCLT_1.16.0/GNU-tools-for-STM32/bin/../lib/gcc/arm-none-eabi/12.3.1/../../../../arm-none-eabi/lib/thumb/v7e-m+fp/hard\libc_nano.a(libc_a-closer.o)
                              C:/ST/STM32CubeCLT_1.16.0/GNU-tools-for-STM32/bin/../lib/gcc/arm-none-eabi/12.3.1/../../../../arm-none-eabi/lib/thumb/v7e-m+fp/hard\libc_nano.a(libc_a-stdio.o) (_close_r)
C:/ST/STM32CubeCLT_1.16.0/GNU-tools-for-STM32/bin/../lib/gcc/arm-none-eabi/12.3.1/../../../../arm-none-eabi/lib/thumb/v7e-m+fp/hard\libc_nano.a(libc_a-reent.o)
                              C:/ST/STM32CubeCLT_1.16.0/GNU-tools-for-STM32/bin/../lib/gcc/arm-none-eabi/12.3.1/../../../../arm-none-eabi/lib/thumb/v7e-m+fp/hard\libc_nano.a(libc_a-closer.o) (errno)
C:/ST/STM32CubeCLT_1.16.0/GNU-tools-for-STM32/bin/../lib/gcc/arm-none-eabi/12.3.1/../../../../arm-none-eabi/lib/thumb/v7e-m+fp/hard\libc_nano.a(libc_a-impure.o)
                              C:/ST/STM32CubeCLT_1.16.0/GNU-tools-for-STM32/bin/../lib/gcc/arm-none-eabi/12.3.1/../../../../arm-none-eabi/lib/thumb/v7e-m+fp/hard\libc_nano.a(libc_a-reent.o) (_impure_ptr)
C:/ST/STM32CubeCLT_1.16.0/GNU-tools-for-STM32/bin/../lib/gcc/arm-none-eabi/12.3.1/../../../../arm-none-eabi/lib/thumb/v7e-m+fp/hard\libc_nano.a(libc_a-lseekr.o)
                              C:/ST/STM32CubeCLT_1.16.0/GNU-tools-for-STM32/bin/../lib/gcc/arm-none-eabi/12.3.1/../../../../arm-none-eabi/lib/thumb/v7e-m+fp/hard\libc_nano.a(libc_a-stdio.o) (_lseek_r)
C:/ST/STM32CubeCLT_1.16.0/GNU-tools-for-STM32/bin/../lib/gcc/arm-none-eabi/12.3.1/../../../../arm-none-eabi/lib/thumb/v7e-m+fp/hard\libc_nano.a(libc_a-readr.o)
                              C:/ST/STM32CubeCLT_1.16.0/GNU-tools-for-STM32/bin/../lib/gcc/arm-none-eabi/12.3.1/../../../../arm-none-eabi/lib/thumb/v7e-m+fp/hard\libc_nano.a(libc_a-stdio.o) (_read_r)
C:/ST/STM32CubeCLT_1.16.0/GNU-tools-for-STM32/bin/../lib/gcc/arm-none-eabi/12.3.1/../../../../arm-none-eabi/lib/thumb/v7e-m+fp/hard\libc_nano.a(libc_a-writer.o)
                              C:/ST/STM32CubeCLT_1.16.0/GNU-tools-for-STM32/bin/../lib/gcc/arm-none-eabi/12.3.1/../../../../arm-none-eabi/lib/thumb/v7e-m+fp/hard\libc_nano.a(libc_a-stdio.o) (_write_r)
C:/ST/STM32CubeCLT_1.16.0/GNU-tools-for-STM32/bin/../lib/gcc/arm-none-eabi/12.3.1/../../../../arm-none-eabi/lib/thumb/v7e-m+fp/hard\libc_nano.a(libc_a-init.o)
                              C:/ST/STM32CubeCLT_1.16.0/GNU-tools-for-STM32/bin/../lib/gcc/arm-none-eabi/12.3.1/../../../../arm-none-eabi/lib/thumb/v7e-m+fp/hard/crt0.o (__libc_init_array)
C:/ST/STM32CubeCLT_1.16.0/GNU-tools-for-STM32/bin/../lib/gcc/arm-none-eabi/12.3.1/../../../../arm-none-eabi/lib/thumb/v7e-m+fp/hard\libc_nano.a(libc_a-lock.o)
                              C:/ST/STM32CubeCLT_1.16.0/GNU-tools-for-STM32/bin/../lib/gcc/arm-none-eabi/12.3.1/../../../../arm-none-eabi/lib/thumb/v7e-m+fp/hard\libc_nano.a(libc_a-findfp.o) (__retarget_lock_init_recursive)
C:/ST/STM32CubeCLT_1.16.0/GNU-tools-for-STM32/bin/../lib/gcc/arm-none-eabi/12.3.1/../../../../arm-none-eabi/lib/thumb/v7e-m+fp/hard\libc_nano.a(libc_a-freer.o)
[...]
Memory Configuration

Name             Origin             Length             Attributes
RAM              0x20000000         0x00020000         xrw
FLASH            0x08000000         0x00080000         xr
*default*        0x00000000         0xffffffff

Linker script and memory map

LOAD C:/ST/STM32CubeCLT_1.16.0/GNU-tools-for-STM32/bin/../lib/gcc/arm-none-eabi/12.3.1/thumb/v7e-m+fp/hard/crti.o
LOAD C:/ST/STM32CubeCLT_1.16.0/GNU-tools-for-STM32/bin/../lib/gcc/arm-none-eabi/12.3.1/thumb/v7e-m+fp/hard/crtbegin.o
LOAD C:/ST/STM32CubeCLT_1.16.0/GNU-tools-for-STM32/bin/../lib/gcc/arm-none-eabi/12.3.1/../../../../arm-none-eabi/lib/thumb/v7e-m+fp/hard/crt0.o
START GROUP
LOAD C:/ST/STM32CubeCLT_1.16.0/GNU-tools-for-STM32/bin/../lib/gcc/arm-none-eabi/12.3.1/../../../../arm-none-eabi/lib/thumb/v7e-m+fp/hard\libc_nano.a
LOAD C:/ST/STM32CubeCLT_1.16.0/GNU-tools-for-STM32/bin/../lib/gcc/arm-none-eabi/12.3.1/../../../../arm-none-eabi/lib/thumb/v7e-m+fp/hard\libm.a
END GROUP
LOAD CMakeFiles/dht11teste.dir/Core/Src/main.c.obj
LOAD CMakeFiles/dht11teste.dir/Core/Src/stm32f4xx_it.c.obj
LOAD CMakeFiles/dht11teste.dir/Core/Src/stm32f4xx_hal_msp.c.obj
LOAD CMakeFiles/dht11teste.dir/Drivers/STM32F4xx_HAL_Driver/Src/stm32f4xx_hal_tim.c.obj
LOAD CMakeFiles/dht11teste.dir/Drivers/STM32F4xx_HAL_Driver/Src/stm32f4xx_hal_tim_ex.c.obj
LOAD CMakeFiles/dht11teste.dir/Drivers/STM32F4xx_HAL_Driver/Src/stm32f4xx_hal_rcc.c.obj
LOAD CMakeFiles/dht11teste.dir/Drivers/STM32F4xx_HAL_Driver/Src/stm32f4xx_hal_rcc_ex.c.obj
LOAD CMakeFiles/dht11teste.dir/Drivers/STM32F4xx_HAL_Driver/Src/stm32f4xx_hal_flash.c.obj
LOAD CMakeFiles/dht11teste.dir/Drivers/STM32F4xx_HAL_Driver/Src/stm32f4xx_hal_flash_ex.c.obj
LOAD CMakeFiles/dht11teste.dir/Drivers/STM32F4xx_HAL_Driver/Src/stm32f4xx_hal_flash_ramfunc.c.obj
LOAD CMakeFiles/dht11teste.dir/Drivers/STM32F4xx_HAL_Driver/Src/stm32f4xx_hal_gpio.c.obj
LOAD CMakeFiles/dht11teste.dir/Drivers/STM32F4xx_HAL_Driver/Src/stm32f4xx_hal_dma_ex.c.obj
LOAD CMakeFiles/dht11teste.dir/Drivers/STM32F4xx_HAL_Driver/Src/stm32f4xx_hal_dma.c.obj
LOAD CMakeFiles/dht11teste.dir/Drivers/STM32F4xx_HAL_Driver/Src/stm32f4xx_hal_pwr.c.obj
LOAD CMakeFiles/dht11teste.dir/Drivers/STM32F4xx_HAL_Driver/Src/stm32f4xx_hal_pwr_ex.c.obj
LOAD CMakeFiles/dht11teste.dir/Drivers/STM32F4xx_HAL_Driver/Src/stm32f4xx_hal_cortex.c.obj
LOAD CMakeFiles/dht11teste.dir/Drivers/STM32F4xx_HAL_Driver/Src/stm32f4xx_hal.c.obj
LOAD CMakeFiles/dht11teste.dir/Drivers/STM32F4xx_HAL_Driver/Src/stm32f4xx_hal_exti.c.obj
LOAD CMakeFiles/dht11teste.dir/Core/Src/system_stm32f4xx.c.obj
LOAD CMakeFiles/dht11teste.dir/Core/Src/sysmem.c.obj
LOAD CMakeFiles/dht11teste.dir/Core/Src/syscalls.c.obj
LOAD CMakeFiles/dht11teste.dir/startup_stm32f411xe.s.obj
START GROUP
LOAD C:/ST/STM32CubeCLT_1.16.0/GNU-tools-for-STM32/bin/../lib/gcc/arm-none-eabi/12.3.1/thumb/v7e-m+fp/hard\libgcc.a
LOAD C:/ST/STM32CubeCLT_1.16.0/GNU-tools-for-STM32/bin/../lib/gcc/arm-none-eabi/12.3.1/../../../../arm-none-eabi/lib/thumb/v7e-m+fp/hard\libg_nano.a
LOAD C:/ST/STM32CubeCLT_1.16.0/GNU-tools-for-STM32/bin/../lib/gcc/arm-none-eabi/12.3.1/../../../../arm-none-eabi/lib/thumb/v7e-m+fp/hard\libc_nano.a
END GROUP
START GROUP
LOAD C:/ST/STM32CubeCLT_1.16.0/GNU-tools-for-STM32/bin/../lib/gcc/arm-none-eabi/12.3.1/thumb/v7e-m+fp/hard\libgcc.a
LOAD C:/ST/STM32CubeCLT_1.16.0/GNU-tools-for-STM32/bin/../lib/gcc/arm-none-eabi/12.3.1/../../../../arm-none-eabi/lib/thumb/v7e-m+fp/hard\libc_nano.a
END GROUP
LOAD C:/ST/STM32CubeCLT_1.16.0/GNU-tools-for-STM32/bin/../lib/gcc/arm-none-eabi/12.3.1/thumb/v7e-m+fp/hard/crtend.o
LOAD C:/ST/STM32CubeCLT_1.16.0/GNU-tools-for-STM32/bin/../lib/gcc/arm-none-eabi/12.3.1/thumb/v7e-m+fp/hard/crtn.o
                0x20020000                        _estack = (ORIGIN (RAM) + LENGTH (RAM))
                0x00000200                        _Min_Heap_Size = 0x200
                0x00000400                        _Min_Stack_Size = 0x400

.isr_vector     0x08000000      0x198
                0x08000000                        . = ALIGN (0x4)
 *(.isr_vector)
 .isr_vector    0x08000000      0x198 CMakeFiles/dht11teste.dir/startup_stm32f411xe.s.obj
                0x08000000                g_pfnVectors
                0x08000198                        . = ALIGN (0x4)

.text           0x08000198     0x2814
                0x08000198                        . = ALIGN (0x4)
 *(.text)
 .text          0x08000198       0x40 C:/ST/STM32CubeCLT_1.16.0/GNU-tools-for-STM32/bin/../lib/gcc/arm-none-eabi/12.3.1/thumb/v7e-m+fp/hard/crtbegin.o
 .text          0x080001d8      0x378 C:/ST/STM32CubeCLT_1.16.0/GNU-tools-for-STM32/bin/../lib/gcc/arm-none-eabi/12.3.1/thumb/v7e-m+fp/hard\libgcc.a(_arm_addsubdf3.o)
                0x080001d8                __aeabi_drsub
                0x080001e0                __aeabi_dsub
                0x080001e0                __subdf3
                0x080001e4                __aeabi_dadd
                0x080001e4                __adddf3
                0x0800045c                __floatunsidf
                0x0800045c                __aeabi_ui2d
                0x0800047c                __floatsidf
                0x0800047c                __aeabi_i2d
                0x080004a0                __aeabi_f2d
                0x080004a0                __extendsfdf2
                0x080004e4                __floatundidf
                0x080004e4                __aeabi_ul2d
                0x080004f4                __floatdidf
                0x080004f4                __aeabi_l2d
 .text          0x08000550      0x424 C:/ST/STM32CubeCLT_1.16.0/GNU-tools-for-STM32/bin/../lib/gcc/arm-none-eabi/12.3.1/thumb/v7e-m+fp/hard\libgcc.a(_arm_muldivdf3.o)
                0x08000550                __aeabi_dmul
                0x08000550                __muldf3
                0x080007a4                __divdf3
                0x080007a4                __aeabi_ddiv
 .text          0x08000974       0xa0 C:/ST/STM32CubeCLT_1.16.0/GNU-tools-for-STM32/bin/../lib/gcc/arm-none-eabi/12.3.1/thumb/v7e-m+fp/hard\libgcc.a(_arm_truncdfsf2.o)
                0x08000974                __truncdfsf2
                0x08000974                __aeabi_d2f
 .text          0x08000a14       0x30 C:/ST/STM32CubeCLT_1.16.0/GNU-tools-for-STM32/bin/../lib/gcc/arm-none-eabi/12.3.1/thumb/v7e-m+fp/hard\libgcc.a(_aeabi_uldivmod.o)
                0x08000a14                __aeabi_uldivmod
 .text          0x08000a44      0x2bc C:/ST/STM32CubeCLT_1.16.0/GNU-tools-for-STM32/bin/../lib/gcc/arm-none-eabi/12.3.1/thumb/v7e-m+fp/hard\libgcc.a(_udivmoddi4.o)
                0x08000a44                __udivmoddi4
 .text          0x08000d00        0x4 C:/ST/STM32CubeCLT_1.16.0/GNU-tools-for-STM32/bin/../lib/gcc/arm-none-eabi/12.3.1/thumb/v7e-m+fp/hard\libgcc.a(_dvmd_tls.o)
                0x08000d00                __aeabi_idiv0
                0x08000d00                __aeabi_ldiv0
 *(.text*)
 .text.memset   0x08000d04       0x10 C:/ST/STM32CubeCLT_1.16.0/GNU-tools-for-STM32/bin/../lib/gcc/arm-none-eabi/12.3.1/../../../../arm-none-eabi/lib/thumb/v7e-m+fp/hard\libc_nano.a(libc_a-memset.o)
                0x08000d04                memset
 .text.__libc_init_array
                0x08000d14       0x48 C:/ST/STM32CubeCLT_1.16.0/GNU-tools-for-STM32/bin/../lib/gcc/arm-none-eabi/12.3.1/../../../../arm-none-eabi/lib/thumb/v7e-m+fp/hard\libc_nano.a(libc_a-init.o)
                0x08000d14                __libc_init_array
 .text.microDelay
                0x08000d5c       0x34 CMakeFiles/dht11teste.dir/Core/Src/main.c.obj
                0x08000d5c                microDelay
 .text.DHT11_Start
                0x08000d90       0xf0 CMakeFiles/dht11teste.dir/Core/Src/main.c.obj
                0x08000d90                DHT11_Start
 .text.DHT11_Read
                0x08000e80       0xf8 CMakeFiles/dht11teste.dir/Core/Src/main.c.obj
                0x08000e80                DHT11_Read
 .text.main     0x08000f78      0x1c8 CMakeFiles/dht11teste.dir/Core/Src/main.c.obj
                0x08000f78                main
 .text.SystemClock_Config
                0x08001140       0xd0 CMakeFiles/dht11teste.dir/Core/Src/main.c.obj
                0x08001140                SystemClock_Config
 .text.MX_TIM1_Init
                0x08001210       0xa0 CMakeFiles/dht11teste.dir/Core/Src/main.c.obj
 .text.MX_GPIO_Init
                0x080012b0       0xb4 CMakeFiles/dht11teste.dir/Core/Src/main.c.obj
 .text.Error_Handler
                0x08001364        0xc CMakeFiles/dht11teste.dir/Core/Src/main.c.obj
                0x08001364                Error_Handler
 .text.NMI_Handler
                0x08001370        0x8 CMakeFiles/dht11teste.dir/Core/Src/stm32f4xx_it.c.obj
                0x08001370                NMI_Handler
 .text.HardFault_Handler
                0x08001378        0x8 CMakeFiles/dht11teste.dir/Core/Src/stm32f4xx_it.c.obj
                0x08001378                HardFault_Handler
 .text.MemManage_Handler
                0x08001380        0x8 CMakeFiles/dht11teste.dir/Core/Src/stm32f4xx_it.c.obj
                0x08001380                MemManage_Handler
 .text.BusFault_Handler
                0x08001388        0x8 CMakeFiles/dht11teste.dir/Core/Src/stm32f4xx_it.c.obj
                0x08001388                BusFault_Handler
 .text.UsageFault_Handler
                0x08001390        0x8 CMakeFiles/dht11teste.dir/Core/Src/stm32f4xx_it.c.obj
                0x08001390                UsageFault_Handler
 .text.SVC_Handler
                0x08001398        0xe CMakeFiles/dht11teste.dir/Core/Src/stm32f4xx_it.c.obj
                0x08001398                SVC_Handler
 .text.DebugMon_Handler
                0x080013a6        0xe CMakeFiles/dht11teste.dir/Core/Src/stm32f4xx_it.c.obj
                0x080013a6                DebugMon_Handler
 .text.PendSV_Handler
                0x080013b4        0xe CMakeFiles/dht11teste.dir/Core/Src/stm32f4xx_it.c.obj
                0x080013b4                PendSV_Handler
 .text.SysTick_Handler
                0x080013c2        0xc CMakeFiles/dht11teste.dir/Core/Src/stm32f4xx_it.c.obj
                0x080013c2                SysTick_Handler
 *fill*         0x080013ce        0x2 
 .text.HAL_MspInit
                0x080013d0       0x50 CMakeFiles/dht11teste.dir/Core/Src/stm32f4xx_hal_msp.c.obj
                0x080013d0                HAL_MspInit
 .text.HAL_TIM_Base_MspInit
                0x08001420       0x44 CMakeFiles/dht11teste.dir/Core/Src/stm32f4xx_hal_msp.c.obj
                0x08001420                HAL_TIM_Base_MspInit
 .text.HAL_TIM_Base_Init
                0x08001464       0x9e CMakeFiles/dht11teste.dir/Drivers/STM32F4xx_HAL_Driver/Src/stm32f4xx_hal_tim.c.obj
                0x08001464                HAL_TIM_Base_Init
 *fill*         0x08001502        0x2 
 .text.HAL_TIM_Base_Start
                0x08001504       0xb4 CMakeFiles/dht11teste.dir/Drivers/STM32F4xx_HAL_Driver/Src/stm32f4xx_hal_tim.c.obj
                0x08001504                HAL_TIM_Base_Start
 .text.HAL_TIM_ConfigClockSource
                0x080015b8      0x18e CMakeFiles/dht11teste.dir/Drivers/STM32F4xx_HAL_Driver/Src/stm32f4xx_hal_tim.c.obj
                0x080015b8                HAL_TIM_ConfigClockSource
 *fill*         0x08001746        0x2 
 .text.TIM_Base_SetConfig
                0x08001748      0x118 CMakeFiles/dht11teste.dir/Drivers/STM32F4xx_HAL_Driver/Src/stm32f4xx_hal_tim.c.obj
                0x08001748                TIM_Base_SetConfig
 .text.TIM_TI1_ConfigInputStage
                0x08001860       0x5e CMakeFiles/dht11teste.dir/Drivers/STM32F4xx_HAL_Driver/Src/stm32f4xx_hal_tim.c.obj
 .text.TIM_TI2_ConfigInputStage
                0x080018be       0x60 CMakeFiles/dht11teste.dir/Drivers/STM32F4xx_HAL_Driver/Src/stm32f4xx_hal_tim.c.obj
 .text.TIM_ITRx_SetConfig
                0x0800191e       0x36 CMakeFiles/dht11teste.dir/Drivers/STM32F4xx_HAL_Driver/Src/stm32f4xx_hal_tim.c.obj
 .text.TIM_ETR_SetConfig
                0x08001954       0x40 CMakeFiles/dht11teste.dir/Drivers/STM32F4xx_HAL_Driver/Src/stm32f4xx_hal_tim.c.obj
                0x08001954                TIM_ETR_SetConfig
 .text.HAL_TIMEx_MasterConfigSynchronization
                0x08001994       0xdc CMakeFiles/dht11teste.dir/Drivers/STM32F4xx_HAL_Driver/Src/stm32f4xx_hal_tim_ex.c.obj
                0x08001994                HAL_TIMEx_MasterConfigSynchronization
 .text.HAL_RCC_OscConfig
                0x08001a70      0x4f0 CMakeFiles/dht11teste.dir/Drivers/STM32F4xx_HAL_Driver/Src/stm32f4xx_hal_rcc.c.obj
                0x08001a70                HAL_RCC_OscConfig
 .text.HAL_RCC_ClockConfig
                0x08001f60      0x1cc CMakeFiles/dht11teste.dir/Drivers/STM32F4xx_HAL_Driver/Src/stm32f4xx_hal_rcc.c.obj
                0x08001f60                HAL_RCC_ClockConfig
 .text.HAL_RCC_GetSysClockFreq
                0x0800212c      0x18c CMakeFiles/dht11teste.dir/Drivers/STM32F4xx_HAL_Driver/Src/stm32f4xx_hal_rcc.c.obj
                0x0800212c                HAL_RCC_GetSysClockFreq
 .text.HAL_GPIO_Init
                0x080022b8      0x308 CMakeFiles/dht11teste.dir/Drivers/STM32F4xx_HAL_Driver/Src/stm32f4xx_hal_gpio.c.obj
                0x080022b8                HAL_GPIO_Init
 .text.HAL_GPIO_ReadPin
                0x080025c0       0x30 CMakeFiles/dht11teste.dir/Drivers/STM32F4xx_HAL_Driver/Src/stm32f4xx_hal_gpio.c.obj
                0x080025c0                HAL_GPIO_ReadPin
 .text.HAL_GPIO_WritePin
                0x080025f0       0x32 CMakeFiles/dht11teste.dir/Drivers/STM32F4xx_HAL_Driver/Src/stm32f4xx_hal_gpio.c.obj
                0x080025f0                HAL_GPIO_WritePin
 *fill*         0x08002622        0x2 
 .text.__NVIC_SetPriorityGrouping
                0x08002624       0x48 CMakeFiles/dht11teste.dir/Drivers/STM32F4xx_HAL_Driver/Src/stm32f4xx_hal_cortex.c.obj
 .text.__NVIC_GetPriorityGrouping
                0x0800266c       0x1c CMakeFiles/dht11teste.dir/Drivers/STM32F4xx_HAL_Driver/Src/stm32f4xx_hal_cortex.c.obj
 .text.__NVIC_SetPriority
                0x08002688       0x54 CMakeFiles/dht11teste.dir/Drivers/STM32F4xx_HAL_Driver/Src/stm32f4xx_hal_cortex.c.obj
 .text.NVIC_EncodePriority
                0x080026dc       0x66 CMakeFiles/dht11teste.dir/Drivers/STM32F4xx_HAL_Driver/Src/stm32f4xx_hal_cortex.c.obj
 *fill*         0x08002742        0x2 
 .text.SysTick_Config
                0x08002744       0x44 CMakeFiles/dht11teste.dir/Drivers/STM32F4xx_HAL_Driver/Src/stm32f4xx_hal_cortex.c.obj
 .text.HAL_NVIC_SetPriorityGrouping
                0x08002788       0x16 CMakeFiles/dht11teste.dir/Drivers/STM32F4xx_HAL_Driver/Src/stm32f4xx_hal_cortex.c.obj
                0x08002788                HAL_NVIC_SetPriorityGrouping
 .text.HAL_NVIC_SetPriority
                0x0800279e       0x38 CMakeFiles/dht11teste.dir/Drivers/STM32F4xx_HAL_Driver/Src/stm32f4xx_hal_cortex.c.obj
                0x0800279e                HAL_NVIC_SetPriority
 .text.HAL_SYSTICK_Config
                0x080027d6       0x18 CMakeFiles/dht11teste.dir/Drivers/STM32F4xx_HAL_Driver/Src/stm32f4xx_hal_cortex.c.obj
                0x080027d6                HAL_SYSTICK_Config
 *fill*         0x080027ee        0x2 
 .text.HAL_Init
                0x080027f0       0x44 CMakeFiles/dht11teste.dir/Drivers/STM32F4xx_HAL_Driver/Src/stm32f4xx_hal.c.obj
                0x080027f0                HAL_Init
 .text.HAL_InitTick
                0x08002834       0x60 CMakeFiles/dht11teste.dir/Drivers/STM32F4xx_HAL_Driver/Src/stm32f4xx_hal.c.obj
                0x08002834                HAL_InitTick
 .text.HAL_IncTick
                0x08002894       0x28 CMakeFiles/dht11teste.dir/Drivers/STM32F4xx_HAL_Driver/Src/stm32f4xx_hal.c.obj
                0x08002894                HAL_IncTick
 .text.HAL_GetTick
                0x080028bc       0x18 CMakeFiles/dht11teste.dir/Drivers/STM32F4xx_HAL_Driver/Src/stm32f4xx_hal.c.obj
                0x080028bc                HAL_GetTick
 .text.HAL_Delay
                0x080028d4       0x48 CMakeFiles/dht11teste.dir/Drivers/STM32F4xx_HAL_Driver/Src/stm32f4xx_hal.c.obj
                0x080028d4                HAL_Delay
 .text.SystemInit
                0x0800291c       0x24 CMakeFiles/dht11teste.dir/Core/Src/system_stm32f4xx.c.obj
                0x0800291c                SystemInit
 .text.Reset_Handler
                0x08002940       0x50 CMakeFiles/dht11teste.dir/startup_stm32f411xe.s.obj
                0x08002940                Reset_Handler
 .text.Default_Handler
                0x08002990        0x2 CMakeFiles/dht11teste.dir/startup_stm32f411xe.s.obj
                0x08002990                RTC_Alarm_IRQHandler
                0x08002990                EXTI2_IRQHandler
                0x08002990                SPI4_IRQHandler
                0x08002990                TIM1_CC_IRQHandler
                0x08002990                DMA2_Stream5_IRQHandler
                0x08002990                DMA1_Stream5_IRQHandler
                0x08002990                PVD_IRQHandler
                0x08002990                SDIO_IRQHandler
                0x08002990                TAMP_STAMP_IRQHandler
                0x08002990                EXTI3_IRQHandler
                0x08002990                TIM1_UP_TIM10_IRQHandler
                0x08002990                I2C3_ER_IRQHandler
                0x08002990                EXTI0_IRQHandler
                0x08002990                I2C2_EV_IRQHandler
                0x08002990                DMA1_Stream2_IRQHandler
                0x08002990                FPU_IRQHandler
                0x08002990                DMA2_Stream2_IRQHandler
                0x08002990                SPI1_IRQHandler
                0x08002990                TIM1_BRK_TIM9_IRQHandler
                0x08002990                DMA2_Stream3_IRQHandler
                0x08002990                USART6_IRQHandler
                0x08002990                DMA2_Stream0_IRQHandler
                0x08002990                TIM4_IRQHandler
                0x08002990                I2C1_EV_IRQHandler
                0x08002990                DMA1_Stream6_IRQHandler
                0x08002990                DMA1_Stream1_IRQHandler
                0x08002990                TIM3_IRQHandler
                0x08002990                RCC_IRQHandler
                0x08002990                Default_Handler
                0x08002990                EXTI15_10_IRQHandler
                0x08002990                ADC_IRQHandler
                0x08002990                DMA1_Stream7_IRQHandler
                0x08002990                SPI5_IRQHandler
                0x08002990                TIM5_IRQHandler
                0x08002990                DMA2_Stream7_IRQHandler
                0x08002990                I2C3_EV_IRQHandler
                0x08002990                EXTI9_5_IRQHandler
                0x08002990                RTC_WKUP_IRQHandler
                0x08002990                SPI2_IRQHandler
                0x08002990                DMA1_Stream0_IRQHandler
                0x08002990                EXTI4_IRQHandler
                0x08002990                WWDG_IRQHandler
                0x08002990                TIM2_IRQHandler
                0x08002990                OTG_FS_WKUP_IRQHandler
                0x08002990                TIM1_TRG_COM_TIM11_IRQHandler
                0x08002990                EXTI1_IRQHandler
                0x08002990                USART2_IRQHandler
                0x08002990                I2C2_ER_IRQHandler
                0x08002990                DMA2_Stream1_IRQHandler
                0x08002990                FLASH_IRQHandler
                0x08002990                DMA2_Stream4_IRQHandler
                0x08002990                USART1_IRQHandler
                0x08002990                OTG_FS_IRQHandler
                0x08002990                SPI3_IRQHandler
                0x08002990                DMA1_Stream4_IRQHandler
                0x08002990                I2C1_ER_IRQHandler
                0x08002990                DMA2_Stream6_IRQHandler
                0x08002990                DMA1_Stream3_IRQHandler
 *(.glue_7)
 .glue_7        0x08002992        0x0 linker stubs
 *(.glue_7t)
 .glue_7t       0x08002992        0x0 linker stubs
 *(.eh_frame)
 *fill*         0x08002992        0x2 
 .eh_frame      0x08002994        0x0 C:/ST/STM32CubeCLT_1.16.0/GNU-tools-for-STM32/bin/../lib/gcc/arm-none-eabi/12.3.1/thumb/v7e-m+fp/hard/crtbegin.o
 *(.init)
 .init          0x08002994        0x4 C:/ST/STM32CubeCLT_1.16.0/GNU-tools-for-STM32/bin/../lib/gcc/arm-none-eabi/12.3.1/thumb/v7e-m+fp/hard/crti.o
                0x08002994                _init
 .init          0x08002998        0x8 C:/ST/STM32CubeCLT_1.16.0/GNU-tools-for-STM32/bin/../lib/gcc/arm-none-eabi/12.3.1/thumb/v7e-m+fp/hard/crtn.o
 *(.fini)
 .fini          0x080029a0        0x4 C:/ST/STM32CubeCLT_1.16.0/GNU-tools-for-STM32/bin/../lib/gcc/arm-none-eabi/12.3.1/thumb/v7e-m+fp/hard/crti.o
                0x080029a0                _fini
 .fini          0x080029a4        0x8 C:/ST/STM32CubeCLT_1.16.0/GNU-tools-for-STM32/bin/../lib/gcc/arm-none-eabi/12.3.1/thumb/v7e-m+fp/hard/crtn.o
                0x080029ac                        . = ALIGN (0x4)
                0x080029ac                        _etext = .

.vfp11_veneer   0x080029ac        0x0
 .vfp11_veneer  0x080029ac        0x0 linker stubs

.v4_bx          0x080029ac        0x0
 .v4_bx         0x080029ac        0x0 linker stubs

.iplt           0x080029ac        0x0
 .iplt          0x080029ac        0x0 C:/ST/STM32CubeCLT_1.16.0/GNU-tools-for-STM32/bin/../lib/gcc/arm-none-eabi/12.3.1/thumb/v7e-m+fp/hard/crtbegin.o

.rodata         0x080029ac       0x10
                0x080029ac                        . = ALIGN (0x4)
 *(.rodata)
 *(.rodata*)
 .rodata.AHBPrescTable
                0x080029ac       0x10 CMakeFiles/dht11teste.dir/Core/Src/system_stm32f4xx.c.obj
                0x080029ac                AHBPrescTable
                0x080029bc                        . = ALIGN (0x4)

.ARM.extab
 *(.ARM.extab* .gnu.linkonce.armextab.*)

.ARM            0x080029bc        0x8
                0x080029bc                        __exidx_start = .
 *(.ARM.exidx*)
 .ARM.exidx     0x080029bc        0x8 C:/ST/STM32CubeCLT_1.16.0/GNU-tools-for-STM32/bin/../lib/gcc/arm-none-eabi/12.3.1/thumb/v7e-m+fp/hard\libgcc.a(_udivmoddi4.o)
                0x080029c4                        __exidx_end = .

.rel.dyn        0x080029c4        0x0
 .rel.iplt      0x080029c4        0x0 C:/ST/STM32CubeCLT_1.16.0/GNU-tools-for-STM32/bin/../lib/gcc/arm-none-eabi/12.3.1/thumb/v7e-m+fp/hard/crtbegin.o

.preinit_array  0x080029c4        0x0
                0x080029c4                        PROVIDE (__preinit_array_start = .)
 *(.preinit_array*)
                0x080029c4                        PROVIDE (__preinit_array_end = .)

.init_array     0x080029c4        0x4
                0x080029c4                        PROVIDE (__init_array_start = .)
 *(SORT_BY_NAME(.init_array.*))
 *(.init_array*)
 .init_array    0x080029c4        0x4 C:/ST/STM32CubeCLT_1.16.0/GNU-tools-for-STM32/bin/../lib/gcc/arm-none-eabi/12.3.1/thumb/v7e-m+fp/hard/crtbegin.o
                0x080029c8                        PROVIDE (__init_array_end = .)

.fini_array     0x080029c8        0x4
                [!provide]                        PROVIDE (__fini_array_start = .)
 *(SORT_BY_NAME(.fini_array.*))
 *(.fini_array*)
 .fini_array    0x080029c8        0x4 C:/ST/STM32CubeCLT_1.16.0/GNU-tools-for-STM32/bin/../lib/gcc/arm-none-eabi/12.3.1/thumb/v7e-m+fp/hard/crtbegin.o
                [!provide]                        PROVIDE (__fini_array_end = .)
                0x080029cc                        _sidata = LOADADDR (.data)

.data           0x20000000        0xc load address 0x080029cc
                0x20000000                        . = ALIGN (0x4)
                0x20000000                        _sdata = .
 *(.data)
 *(.data*)
 .data.uwTickPrio
                0x20000000        0x4 CMakeFiles/dht11teste.dir/Drivers/STM32F4xx_HAL_Driver/Src/stm32f4xx_hal.c.obj
                0x20000000                uwTickPrio
 .data.uwTickFreq
                0x20000004        0x1 CMakeFiles/dht11teste.dir/Drivers/STM32F4xx_HAL_Driver/Src/stm32f4xx_hal.c.obj
                0x20000004                uwTickFreq
 *fill*         0x20000005        0x3 
 .data.SystemCoreClock
                0x20000008        0x4 CMakeFiles/dht11teste.dir/Core/Src/system_stm32f4xx.c.obj
                0x20000008                SystemCoreClock
                0x2000000c                        . = ALIGN (0x4)
                0x2000000c                        _edata = .

.igot.plt       0x2000000c        0x0 load address 0x080029d8
 .igot.plt      0x2000000c        0x0 C:/ST/STM32CubeCLT_1.16.0/GNU-tools-for-STM32/bin/../lib/gcc/arm-none-eabi/12.3.1/thumb/v7e-m+fp/hard/crtbegin.o
                0x2000000c                        . = ALIGN (0x4)

.bss            0x2000000c       0x84 load address 0x080029d8
                0x2000000c                        _sbss = .
                0x2000000c                        __bss_start__ = _sbss
 *(.bss)
 .bss           0x2000000c       0x1c C:/ST/STM32CubeCLT_1.16.0/GNU-tools-for-STM32/bin/../lib/gcc/arm-none-eabi/12.3.1/thumb/v7e-m+fp/hard/crtbegin.o
 *(.bss*)
 .bss.htim1     0x20000028       0x48 CMakeFiles/dht11teste.dir/Core/Src/main.c.obj
                0x20000028                htim1
 .bss.RHI       0x20000070        0x1 CMakeFiles/dht11teste.dir/Core/Src/main.c.obj
                0x20000070                RHI
 .bss.RHD       0x20000071        0x1 CMakeFiles/dht11teste.dir/Core/Src/main.c.obj
                0x20000071                RHD
 .bss.TCI       0x20000072        0x1 CMakeFiles/dht11teste.dir/Core/Src/main.c.obj
                0x20000072                TCI
 .bss.TCD       0x20000073        0x1 CMakeFiles/dht11teste.dir/Core/Src/main.c.obj
                0x20000073                TCD
 .bss.SUM       0x20000074        0x1 CMakeFiles/dht11teste.dir/Core/Src/main.c.obj
                0x20000074                SUM
 *fill*         0x20000075        0x3 
 .bss.pMillis   0x20000078        0x4 CMakeFiles/dht11teste.dir/Core/Src/main.c.obj
                0x20000078                pMillis
 .bss.cMillis   0x2000007c        0x4 CMakeFiles/dht11teste.dir/Core/Src/main.c.obj
                0x2000007c                cMillis
 .bss.tCelsius  0x20000080        0x4 CMakeFiles/dht11teste.dir/Core/Src/main.c.obj
                0x20000080                tCelsius
 .bss.tFahrenheit
                0x20000084        0x4 CMakeFiles/dht11teste.dir/Core/Src/main.c.obj
                0x20000084                tFahrenheit
 .bss.RH        0x20000088        0x4 CMakeFiles/dht11teste.dir/Core/Src/main.c.obj
                0x20000088                RH
 .bss.uwTick    0x2000008c        0x4 CMakeFiles/dht11teste.dir/Drivers/STM32F4xx_HAL_Driver/Src/stm32f4xx_hal.c.obj
                0x2000008c                uwTick
 *(COMMON)
                0x20000090                        . = ALIGN (0x4)
                0x20000090                        _ebss = .
                0x20000090                        __bss_end__ = _ebss

._user_heap_stack
                0x20000090      0x600 load address 0x080029d8
                0x20000090                        . = ALIGN (0x8)
                [!provide]                        PROVIDE (end = .)
                0x20000090                        PROVIDE (_end = .)
                0x20000290                        . = (. + _Min_Heap_Size)
 *fill*         0x20000090      0x200 
                0x20000690                        . = (. + _Min_Stack_Size)
 *fill*         0x20000290      0x400 
                0x20000690                        . = ALIGN (0x8)

/DISCARD/
 libc.a(*)
 libm.a(*)
 libgcc.a(*)

.ARM.attributes
                0x00000000       0x30
 *(.ARM.attributes)
 .ARM.attributes
                0x00000000       0x22 C:/ST/STM32CubeCLT_1.16.0/GNU-tools-for-STM32/bin/../lib/gcc/arm-none-eabi/12.3.1/thumb/v7e-m+fp/hard/crti.o
 .ARM.attributes
                0x00000022       0x34 C:/ST/STM32CubeCLT_1.16.0/GNU-tools-for-STM32/bin/../lib/gcc/arm-none-eabi/12.3.1/thumb/v7e-m+fp/hard/crtbegin.o
 .ARM.attributes
                0x00000056       0x34 C:/ST/STM32CubeCLT_1.16.0/GNU-tools-for-STM32/bin/../lib/gcc/arm-none-eabi/12.3.1/../../../../arm-none-eabi/lib/thumb/v7e-m+fp/hard\libc_nano.a(libc_a-memset.o)
 .ARM.attributes
                0x0000008a       0x34 C:/ST/STM32CubeCLT_1.16.0/GNU-tools-for-STM32/bin/../lib/gcc/arm-none-eabi/12.3.1/../../../../arm-none-eabi/lib/thumb/v7e-m+fp/hard\libc_nano.a(libc_a-init.o)
 .ARM.attributes
                0x000000be       0x34 CMakeFiles/dht11teste.dir/Core/Src/main.c.obj
 .ARM.attributes
                0x000000f2       0x34 CMakeFiles/dht11teste.dir/Core/Src/stm32f4xx_it.c.obj
 .ARM.attributes
                0x00000126       0x34 CMakeFiles/dht11teste.dir/Core/Src/stm32f4xx_hal_msp.c.obj
 .ARM.attributes
                0x0000015a       0x34 CMakeFiles/dht11teste.dir/Drivers/STM32F4xx_HAL_Driver/Src/stm32f4xx_hal_tim.c.obj
 .ARM.attributes
                0x0000018e       0x34 CMakeFiles/dht11teste.dir/Drivers/STM32F4xx_HAL_Driver/Src/stm32f4xx_hal_tim_ex.c.obj
 .ARM.attributes
                0x000001c2       0x34 CMakeFiles/dht11teste.dir/Drivers/STM32F4xx_HAL_Driver/Src/stm32f4xx_hal_rcc.c.obj
 .ARM.attributes
                0x000001f6       0x34 CMakeFiles/dht11teste.dir/Drivers/STM32F4xx_HAL_Driver/Src/stm32f4xx_hal_gpio.c.obj
 .ARM.attributes
                0x0000022a       0x34 CMakeFiles/dht11teste.dir/Drivers/STM32F4xx_HAL_Driver/Src/stm32f4xx_hal_cortex.c.obj
 .ARM.attributes
                0x0000025e       0x34 CMakeFiles/dht11teste.dir/Drivers/STM32F4xx_HAL_Driver/Src/stm32f4xx_hal.c.obj
 .ARM.attributes
                0x00000292       0x34 CMakeFiles/dht11teste.dir/Core/Src/system_stm32f4xx.c.obj
 .ARM.attributes
                0x000002c6       0x21 CMakeFiles/dht11teste.dir/startup_stm32f411xe.s.obj
 .ARM.attributes
                0x000002e7       0x22 C:/ST/STM32CubeCLT_1.16.0/GNU-tools-for-STM32/bin/../lib/gcc/arm-none-eabi/12.3.1/thumb/v7e-m+fp/hard\libgcc.a(_arm_addsubdf3.o)
 .ARM.attributes
                0x00000309       0x22 C:/ST/STM32CubeCLT_1.16.0/GNU-tools-for-STM32/bin/../lib/gcc/arm-none-eabi/12.3.1/thumb/v7e-m+fp/hard\libgcc.a(_arm_muldivdf3.o)
 .ARM.attributes
                0x0000032b       0x22 C:/ST/STM32CubeCLT_1.16.0/GNU-tools-for-STM32/bin/../lib/gcc/arm-none-eabi/12.3.1/thumb/v7e-m+fp/hard\libgcc.a(_arm_truncdfsf2.o)
 .ARM.attributes
                0x0000034d       0x22 C:/ST/STM32CubeCLT_1.16.0/GNU-tools-for-STM32/bin/../lib/gcc/arm-none-eabi/12.3.1/thumb/v7e-m+fp/hard\libgcc.a(_aeabi_uldivmod.o)
 .ARM.attributes
                0x0000036f       0x34 C:/ST/STM32CubeCLT_1.16.0/GNU-tools-for-STM32/bin/../lib/gcc/arm-none-eabi/12.3.1/thumb/v7e-m+fp/hard\libgcc.a(_udivmoddi4.o)
 .ARM.attributes
                0x000003a3       0x22 C:/ST/STM32CubeCLT_1.16.0/GNU-tools-for-STM32/bin/../lib/gcc/arm-none-eabi/12.3.1/thumb/v7e-m+fp/hard\libgcc.a(_dvmd_tls.o)
 .ARM.attributes
                0x000003c5       0x22 C:/ST/STM32CubeCLT_1.16.0/GNU-tools-for-STM32/bin/../lib/gcc/arm-none-eabi/12.3.1/thumb/v7e-m+fp/hard/crtn.o
OUTPUT(dht11teste.elf elf32-littlearm)
LOAD linker stubs
LOAD C:/ST/STM32CubeCLT_1.16.0/GNU-tools-for-STM32/bin/../lib/gcc/arm-none-eabi/12.3.1/../../../../arm-none-eabi/lib/thumb/v7e-m+fp/hard\libc.a
LOAD C:/ST/STM32CubeCLT_1.16.0/GNU-tools-for-STM32/bin/../lib/gcc/arm-none-eabi/12.3.1/../../../../arm-none-eabi/lib/thumb/v7e-m+fp/hard\libm.a
LOAD C:/ST/STM32CubeCLT_1.16.0/GNU-tools-for-STM32/bin/../lib/gcc/arm-none-eabi/12.3.1/thumb/v7e-m+fp/hard\libgcc.a

.debug_frame    0x00000000     0x2884
 .debug_frame   0x00000000       0x20 C:/ST/STM32CubeCLT_1.16.0/GNU-tools-for-STM32/bin/../lib/gcc/arm-none-eabi/12.3.1/../../../../arm-none-eabi/lib/thumb/v7e-m+fp/hard\libc_nano.a(libc_a-memset.o)
 .debug_frame   0x00000020       0x2c C:/ST/STM32CubeCLT_1.16.0/GNU-tools-for-STM32/bin/../lib/gcc/arm-none-eabi/12.3.1/../../../../arm-none-eabi/lib/thumb/v7e-m+fp/hard\libc_nano.a(libc_a-init.o)
 .debug_frame   0x0000004c      0x128 CMakeFiles/dht11teste.dir/Core/Src/main.c.obj
 .debug_frame   0x00000174      0x104 CMakeFiles/dht11teste.dir/Core/Src/stm32f4xx_it.c.obj
 .debug_frame   0x00000278       0x88 CMakeFiles/dht11teste.dir/Core/Src/stm32f4xx_hal_msp.c.obj
 .debug_frame   0x00000300     0x11b8 CMakeFiles/dht11teste.dir/Drivers/STM32F4xx_HAL_Driver/Src/stm32f4xx_hal_tim.c.obj
 .debug_frame   0x000014b8      0x638 CMakeFiles/dht11teste.dir/Drivers/STM32F4xx_HAL_Driver/Src/stm32f4xx_hal_tim_ex.c.obj
 .debug_frame   0x00001af0      0x1f4 CMakeFiles/dht11teste.dir/Drivers/STM32F4xx_HAL_Driver/Src/stm32f4xx_hal_rcc.c.obj
 .debug_frame   0x00001ce4      0x14c CMakeFiles/dht11teste.dir/Drivers/STM32F4xx_HAL_Driver/Src/stm32f4xx_hal_gpio.c.obj
 .debug_frame   0x00001e30      0x508 CMakeFiles/dht11teste.dir/Drivers/STM32F4xx_HAL_Driver/Src/stm32f4xx_hal_cortex.c.obj
 .debug_frame   0x00002338      0x374 CMakeFiles/dht11teste.dir/Drivers/STM32F4xx_HAL_Driver/Src/stm32f4xx_hal.c.obj
 .debug_frame   0x000026ac       0x58 CMakeFiles/dht11teste.dir/Core/Src/system_stm32f4xx.c.obj
 .debug_frame   0x00002704       0xac C:/ST/STM32CubeCLT_1.16.0/GNU-tools-for-STM32/bin/../lib/gcc/arm-none-eabi/12.3.1/thumb/v7e-m+fp/hard\libgcc.a(_arm_addsubdf3.o)
 .debug_frame   0x000027b0       0x50 C:/ST/STM32CubeCLT_1.16.0/GNU-tools-for-STM32/bin/../lib/gcc/arm-none-eabi/12.3.1/thumb/v7e-m+fp/hard\libgcc.a(_arm_muldivdf3.o)
 .debug_frame   0x00002800       0x24 C:/ST/STM32CubeCLT_1.16.0/GNU-tools-for-STM32/bin/../lib/gcc/arm-none-eabi/12.3.1/thumb/v7e-m+fp/hard\libgcc.a(_arm_truncdfsf2.o)
 .debug_frame   0x00002824       0x2c C:/ST/STM32CubeCLT_1.16.0/GNU-tools-for-STM32/bin/../lib/gcc/arm-none-eabi/12.3.1/thumb/v7e-m+fp/hard\libgcc.a(_aeabi_uldivmod.o)
 .debug_frame   0x00002850       0x34 C:/ST/STM32CubeCLT_1.16.0/GNU-tools-for-STM32/bin/../lib/gcc/arm-none-eabi/12.3.1/thumb/v7e-m+fp/hard\libgcc.a(_udivmoddi4.o)

.debug_info     0x00000000     0x824d
 .debug_info    0x00000000      0xf13 CMakeFiles/dht11teste.dir/Core/Src/main.c.obj
 .debug_info    0x00000f13      0x112 CMakeFiles/dht11teste.dir/Core/Src/stm32f4xx_it.c.obj
 .debug_info    0x00001025      0x8a7 CMakeFiles/dht11teste.dir/Core/Src/stm32f4xx_hal_msp.c.obj
 .debug_info    0x000018cc     0x2996 CMakeFiles/dht11teste.dir/Drivers/STM32F4xx_HAL_Driver/Src/stm32f4xx_hal_tim.c.obj
 .debug_info    0x00004262     0x14d4 CMakeFiles/dht11teste.dir/Drivers/STM32F4xx_HAL_Driver/Src/stm32f4xx_hal_tim_ex.c.obj
 .debug_info    0x00005736      0x8f0 CMakeFiles/dht11teste.dir/Drivers/STM32F4xx_HAL_Driver/Src/stm32f4xx_hal_rcc.c.obj
 .debug_info    0x00006026      0x6f9 CMakeFiles/dht11teste.dir/Drivers/STM32F4xx_HAL_Driver/Src/stm32f4xx_hal_gpio.c.obj
 .debug_info    0x0000671f      0xcfc CMakeFiles/dht11teste.dir/Drivers/STM32F4xx_HAL_Driver/Src/stm32f4xx_hal_cortex.c.obj
 .debug_info    0x0000741b      0x8c4 CMakeFiles/dht11teste.dir/Drivers/STM32F4xx_HAL_Driver/Src/stm32f4xx_hal.c.obj
 .debug_info    0x00007cdf      0x53e CMakeFiles/dht11teste.dir/Core/Src/system_stm32f4xx.c.obj
 .debug_info    0x0000821d       0x30 CMakeFiles/dht11teste.dir/startup_stm32f411xe.s.obj

.debug_abbrev   0x00000000     0x1543
 .debug_abbrev  0x00000000      0x2de CMakeFiles/dht11teste.dir/Core/Src/main.c.obj
 .debug_abbrev  0x000002de       0x73 CMakeFiles/dht11teste.dir/Core/Src/stm32f4xx_it.c.obj
 .debug_abbrev  0x00000351      0x1a2 CMakeFiles/dht11teste.dir/Core/Src/stm32f4xx_hal_msp.c.obj
 .debug_abbrev  0x000004f3      0x28b CMakeFiles/dht11teste.dir/Drivers/STM32F4xx_HAL_Driver/Src/stm32f4xx_hal_tim.c.obj
 .debug_abbrev  0x0000077e      0x296 CMakeFiles/dht11teste.dir/Drivers/STM32F4xx_HAL_Driver/Src/stm32f4xx_hal_tim_ex.c.obj
 .debug_abbrev  0x00000a14      0x2b6 CMakeFiles/dht11teste.dir/Drivers/STM32F4xx_HAL_Driver/Src/stm32f4xx_hal_rcc.c.obj
 .debug_abbrev  0x00000cca      0x1d3 CMakeFiles/dht11teste.dir/Drivers/STM32F4xx_HAL_Driver/Src/stm32f4xx_hal_gpio.c.obj
 .debug_abbrev  0x00000e9d      0x31d CMakeFiles/dht11teste.dir/Drivers/STM32F4xx_HAL_Driver/Src/stm32f4xx_hal_cortex.c.obj
 .debug_abbrev  0x000011ba      0x24b CMakeFiles/dht11teste.dir/Drivers/STM32F4xx_HAL_Driver/Src/stm32f4xx_hal.c.obj
 .debug_abbrev  0x00001405      0x11a CMakeFiles/dht11teste.dir/Core/Src/system_stm32f4xx.c.obj
 .debug_abbrev  0x0000151f       0x24 CMakeFiles/dht11teste.dir/startup_stm32f411xe.s.obj

.debug_aranges  0x00000000      0x970
 .debug_aranges
                0x00000000       0x58 CMakeFiles/dht11teste.dir/Core/Src/main.c.obj
 .debug_aranges
                0x00000058       0x60 CMakeFiles/dht11teste.dir/Core/Src/stm32f4xx_it.c.obj
 .debug_aranges
                0x000000b8       0x30 CMakeFiles/dht11teste.dir/Core/Src/stm32f4xx_hal_msp.c.obj
 .debug_aranges
                0x000000e8      0x3d0 CMakeFiles/dht11teste.dir/Drivers/STM32F4xx_HAL_Driver/Src/stm32f4xx_hal_tim.c.obj
 .debug_aranges
                0x000004b8      0x168 CMakeFiles/dht11teste.dir/Drivers/STM32F4xx_HAL_Driver/Src/stm32f4xx_hal_tim_ex.c.obj
 .debug_aranges
                0x00000620       0x88 CMakeFiles/dht11teste.dir/Drivers/STM32F4xx_HAL_Driver/Src/stm32f4xx_hal_rcc.c.obj
 .debug_aranges
                0x000006a8       0x58 CMakeFiles/dht11teste.dir/Drivers/STM32F4xx_HAL_Driver/Src/stm32f4xx_hal_gpio.c.obj
 .debug_aranges
                0x00000700      0x130 CMakeFiles/dht11teste.dir/Drivers/STM32F4xx_HAL_Driver/Src/stm32f4xx_hal_cortex.c.obj
 .debug_aranges
                0x00000830       0xf0 CMakeFiles/dht11teste.dir/Drivers/STM32F4xx_HAL_Driver/Src/stm32f4xx_hal.c.obj
 .debug_aranges
                0x00000920       0x28 CMakeFiles/dht11teste.dir/Core/Src/system_stm32f4xx.c.obj
 .debug_aranges
                0x00000948       0x28 CMakeFiles/dht11teste.dir/startup_stm32f411xe.s.obj

.debug_rnglists
                0x00000000      0x74b
 .debug_rnglists
                0x00000000       0x43 CMakeFiles/dht11teste.dir/Core/Src/main.c.obj
 .debug_rnglists
                0x00000043       0x43 CMakeFiles/dht11teste.dir/Core/Src/stm32f4xx_it.c.obj
 .debug_rnglists
                0x00000086       0x1f CMakeFiles/dht11teste.dir/Core/Src/stm32f4xx_hal_msp.c.obj
 .debug_rnglists
                0x000000a5      0x31a CMakeFiles/dht11teste.dir/Drivers/STM32F4xx_HAL_Driver/Src/stm32f4xx_hal_tim.c.obj
 .debug_rnglists
                0x000003bf      0x125 CMakeFiles/dht11teste.dir/Drivers/STM32F4xx_HAL_Driver/Src/stm32f4xx_hal_tim_ex.c.obj
 .debug_rnglists
                0x000004e4       0x66 CMakeFiles/dht11teste.dir/Drivers/STM32F4xx_HAL_Driver/Src/stm32f4xx_hal_rcc.c.obj
 .debug_rnglists
                0x0000054a       0x3f CMakeFiles/dht11teste.dir/Drivers/STM32F4xx_HAL_Driver/Src/stm32f4xx_hal_gpio.c.obj
 .debug_rnglists
                0x00000589       0xe0 CMakeFiles/dht11teste.dir/Drivers/STM32F4xx_HAL_Driver/Src/stm32f4xx_hal_cortex.c.obj
 .debug_rnglists
                0x00000669       0xaf CMakeFiles/dht11teste.dir/Drivers/STM32F4xx_HAL_Driver/Src/stm32f4xx_hal.c.obj
 .debug_rnglists
                0x00000718       0x1a CMakeFiles/dht11teste.dir/Core/Src/system_stm32f4xx.c.obj
 .debug_rnglists
                0x00000732       0x19 CMakeFiles/dht11teste.dir/startup_stm32f411xe.s.obj

.debug_macro    0x00000000    0x150e3
 .debug_macro   0x00000000      0x1da CMakeFiles/dht11teste.dir/Core/Src/main.c.obj
 .debug_macro   0x000001da      0xab4 CMakeFiles/dht11teste.dir/Core/Src/main.c.obj
 .debug_macro   0x00000c8e      0x295 CMakeFiles/dht11teste.dir/Core/Src/main.c.obj
 .debug_macro   0x00000f23       0x2e CMakeFiles/dht11teste.dir/Core/Src/main.c.obj
 .debug_macro   0x00000f51       0x28 CMakeFiles/dht11teste.dir/Core/Src/main.c.obj
 .debug_macro   0x00000f79       0x22 CMakeFiles/dht11teste.dir/Core/Src/main.c.obj
 .debug_macro   0x00000f9b       0x8e CMakeFiles/dht11teste.dir/Core/Src/main.c.obj
 .debug_macro   0x00001029       0x51 CMakeFiles/dht11teste.dir/Core/Src/main.c.obj
 .debug_macro   0x0000107a      0x103 CMakeFiles/dht11teste.dir/Core/Src/main.c.obj
 .debug_macro   0x0000117d       0x6a CMakeFiles/dht11teste.dir/Core/Src/main.c.obj
 .debug_macro   0x000011e7      0x1df CMakeFiles/dht11teste.dir/Core/Src/main.c.obj
 .debug_macro   0x000013c6       0x1c CMakeFiles/dht11teste.dir/Core/Src/main.c.obj
 .debug_macro   0x000013e2       0x22 CMakeFiles/dht11teste.dir/Core/Src/main.c.obj
 .debug_macro   0x00001404       0xfb CMakeFiles/dht11teste.dir/Core/Src/main.c.obj
 .debug_macro   0x000014ff     0x1011 CMakeFiles/dht11teste.dir/Core/Src/main.c.obj
 .debug_macro   0x00002510      0x11f CMakeFiles/dht11teste.dir/Core/Src/main.c.obj
 .debug_macro   0x0000262f     0xb953 CMakeFiles/dht11teste.dir/Core/Src/main.c.obj
 .debug_macro   0x0000df82       0x6d CMakeFiles/dht11teste.dir/Core/Src/main.c.obj
 .debug_macro   0x0000dfef     0x369a CMakeFiles/dht11teste.dir/Core/Src/main.c.obj
 .debug_macro   0x00011689      0x189 CMakeFiles/dht11teste.dir/Core/Src/main.c.obj
 .debug_macro   0x00011812       0x5c CMakeFiles/dht11teste.dir/Core/Src/main.c.obj
 .debug_macro   0x0001186e      0x45c CMakeFiles/dht11teste.dir/Core/Src/main.c.obj
 .debug_macro   0x00011cca      0x9e9 CMakeFiles/dht11teste.dir/Core/Src/main.c.obj
 .debug_macro   0x000126b3      0x115 CMakeFiles/dht11teste.dir/Core/Src/main.c.obj
 .debug_macro   0x000127c8      0x11b CMakeFiles/dht11teste.dir/Core/Src/main.c.obj
 .debug_macro   0x000128e3       0xa5 CMakeFiles/dht11teste.dir/Core/Src/main.c.obj
 .debug_macro   0x00012988      0x15f CMakeFiles/dht11teste.dir/Core/Src/main.c.obj
 .debug_macro   0x00012ae7      0x287 CMakeFiles/dht11teste.dir/Core/Src/main.c.obj
 .debug_macro   0x00012d6e       0x5f CMakeFiles/dht11teste.dir/Core/Src/main.c.obj
 .debug_macro   0x00012dcd      0x236 CMakeFiles/dht11teste.dir/Core/Src/main.c.obj
 .debug_macro   0x00013003      0x132 CMakeFiles/dht11teste.dir/Core/Src/main.c.obj
 .debug_macro   0x00013135      0x264 CMakeFiles/dht11teste.dir/Core/Src/main.c.obj
 .debug_macro   0x00013399       0x2e CMakeFiles/dht11teste.dir/Core/Src/main.c.obj
 .debug_macro   0x000133c7      0x127 CMakeFiles/dht11teste.dir/Core/Src/main.c.obj
 .debug_macro   0x000134ee       0x85 CMakeFiles/dht11teste.dir/Core/Src/main.c.obj
 .debug_macro   0x00013573       0x89 CMakeFiles/dht11teste.dir/Core/Src/main.c.obj
 .debug_macro   0x000135fc      0x8ed CMakeFiles/dht11teste.dir/Core/Src/main.c.obj
 .debug_macro   0x00013ee9       0x47 CMakeFiles/dht11teste.dir/Core/Src/main.c.obj
 .debug_macro   0x00013f30      0x126 CMakeFiles/dht11teste.dir/Core/Src/main.c.obj
 .debug_macro   0x00014056      0x1d8 CMakeFiles/dht11teste.dir/Core/Src/stm32f4xx_it.c.obj
 .debug_macro   0x0001422e      0x1ce CMakeFiles/dht11teste.dir/Core/Src/stm32f4xx_hal_msp.c.obj
 .debug_macro   0x000143fc      0x1c5 CMakeFiles/dht11teste.dir/Drivers/STM32F4xx_HAL_Driver/Src/stm32f4xx_hal_tim.c.obj
 .debug_macro   0x000145c1      0x1c4 CMakeFiles/dht11teste.dir/Drivers/STM32F4xx_HAL_Driver/Src/stm32f4xx_hal_tim_ex.c.obj
 .debug_macro   0x00014785      0x1e8 CMakeFiles/dht11teste.dir/Drivers/STM32F4xx_HAL_Driver/Src/stm32f4xx_hal_rcc.c.obj
 .debug_macro   0x0001496d      0x1ca CMakeFiles/dht11teste.dir/Drivers/STM32F4xx_HAL_Driver/Src/stm32f4xx_hal_gpio.c.obj
 .debug_macro   0x00014b37      0x1c4 CMakeFiles/dht11teste.dir/Drivers/STM32F4xx_HAL_Driver/Src/stm32f4xx_hal_cortex.c.obj
 .debug_macro   0x00014cfb      0x224 CMakeFiles/dht11teste.dir/Drivers/STM32F4xx_HAL_Driver/Src/stm32f4xx_hal.c.obj
 .debug_macro   0x00014f1f      0x1c4 CMakeFiles/dht11teste.dir/Core/Src/system_stm32f4xx.c.obj

.debug_line     0x00000000     0xa6ff
 .debug_line    0x00000000      0xa8f CMakeFiles/dht11teste.dir/Core/Src/main.c.obj
 .debug_line    0x00000a8f      0x88b CMakeFiles/dht11teste.dir/Core/Src/stm32f4xx_it.c.obj
 .debug_line    0x0000131a      0x800 CMakeFiles/dht11teste.dir/Core/Src/stm32f4xx_hal_msp.c.obj
 .debug_line    0x00001b1a     0x3634 CMakeFiles/dht11teste.dir/Drivers/STM32F4xx_HAL_Driver/Src/stm32f4xx_hal_tim.c.obj
 .debug_line    0x0000514e     0x1a47 CMakeFiles/dht11teste.dir/Drivers/STM32F4xx_HAL_Driver/Src/stm32f4xx_hal_tim_ex.c.obj
 .debug_line    0x00006b95      0xe3f CMakeFiles/dht11teste.dir/Drivers/STM32F4xx_HAL_Driver/Src/stm32f4xx_hal_rcc.c.obj
 .debug_line    0x000079d4      0xc06 CMakeFiles/dht11teste.dir/Drivers/STM32F4xx_HAL_Driver/Src/stm32f4xx_hal_gpio.c.obj
 .debug_line    0x000085da      0xda8 CMakeFiles/dht11teste.dir/Drivers/STM32F4xx_HAL_Driver/Src/stm32f4xx_hal_cortex.c.obj
 .debug_line    0x00009382      0xab6 CMakeFiles/dht11teste.dir/Drivers/STM32F4xx_HAL_Driver/Src/stm32f4xx_hal.c.obj
 .debug_line    0x00009e38      0x84d CMakeFiles/dht11teste.dir/Core/Src/system_stm32f4xx.c.obj
 .debug_line    0x0000a685       0x7a CMakeFiles/dht11teste.dir/startup_stm32f411xe.s.obj

.debug_str      0x00000000    0x88134
 .debug_str     0x00000000    0x858dd CMakeFiles/dht11teste.dir/Core/Src/main.c.obj
                              0x85c08 (size before relaxing)
 .debug_str     0x000858dd      0x112 CMakeFiles/dht11teste.dir/Core/Src/stm32f4xx_it.c.obj
                              0x851f9 (size before relaxing)
 .debug_str     0x000859ef       0xab CMakeFiles/dht11teste.dir/Core/Src/stm32f4xx_hal_msp.c.obj
                              0x857dc (size before relaxing)
 .debug_str     0x00085a9a      0xe62 CMakeFiles/dht11teste.dir/Drivers/STM32F4xx_HAL_Driver/Src/stm32f4xx_hal_tim.c.obj
                              0x866ad (size before relaxing)
 .debug_str     0x000868fc      0x4dc CMakeFiles/dht11teste.dir/Drivers/STM32F4xx_HAL_Driver/Src/stm32f4xx_hal_tim_ex.c.obj
                              0x85eb9 (size before relaxing)
 .debug_str     0x00086dd8      0x2fe CMakeFiles/dht11teste.dir/Drivers/STM32F4xx_HAL_Driver/Src/stm32f4xx_hal_rcc.c.obj
                              0x85769 (size before relaxing)
 .debug_str     0x000870d6      0x169 CMakeFiles/dht11teste.dir/Drivers/STM32F4xx_HAL_Driver/Src/stm32f4xx_hal_gpio.c.obj
                              0x854b0 (size before relaxing)
 .debug_str     0x0008723f      0x827 CMakeFiles/dht11teste.dir/Drivers/STM32F4xx_HAL_Driver/Src/stm32f4xx_hal_cortex.c.obj
                              0x85acb (size before relaxing)
 .debug_str     0x00087a66      0x5bd CMakeFiles/dht11teste.dir/Drivers/STM32F4xx_HAL_Driver/Src/stm32f4xx_hal.c.obj
                              0x85d61 (size before relaxing)
 .debug_str     0x00088023       0x93 CMakeFiles/dht11teste.dir/Core/Src/system_stm32f4xx.c.obj
                              0x85335 (size before relaxing)
 .debug_str     0x000880b6       0x7e CMakeFiles/dht11teste.dir/startup_stm32f411xe.s.obj
                                 0xd6 (size before relaxing)

.comment        0x00000000       0x43
 .comment       0x00000000       0x43 CMakeFiles/dht11teste.dir/Core/Src/main.c.obj
                                 0x44 (size before relaxing)
 .comment       0x00000043       0x44 CMakeFiles/dht11teste.dir/Core/Src/stm32f4xx_it.c.obj
 .comment       0x00000043       0x44 CMakeFiles/dht11teste.dir/Core/Src/stm32f4xx_hal_msp.c.obj
 .comment       0x00000043       0x44 CMakeFiles/dht11teste.dir/Drivers/STM32F4xx_HAL_Driver/Src/stm32f4xx_hal_tim.c.obj
 .comment       0x00000043       0x44 CMakeFiles/dht11teste.dir/Drivers/STM32F4xx_HAL_Driver/Src/stm32f4xx_hal_tim_ex.c.obj
 .comment       0x00000043       0x44 CMakeFiles/dht11teste.dir/Drivers/STM32F4xx_HAL_Driver/Src/stm32f4xx_hal_rcc.c.obj
 .comment       0x00000043       0x44 CMakeFiles/dht11teste.dir/Drivers/STM32F4xx_HAL_Driver/Src/stm32f4xx_hal_gpio.c.obj
 .comment       0x00000043       0x44 CMakeFiles/dht11teste.dir/Drivers/STM32F4xx_HAL_Driver/Src/stm32f4xx_hal_cortex.c.obj
 .comment       0x00000043       0x44 CMakeFiles/dht11teste.dir/Drivers/STM32F4xx_HAL_Driver/Src/stm32f4xx_hal.c.obj
 .comment       0x00000043       0x44 CMakeFiles/dht11teste.dir/Core/Src/system_stm32f4xx.c.obj

.debug_line_str
                0x00000000       0xba
 .debug_line_str
                0x00000000       0xba CMakeFiles/dht11teste.dir/startup_stm32f411xe.s.obj
